
> mftsccs-browser@2.2.48-beta build
> webpack --config webpack.config.js

assets by status 336 KiB [compared for emit] 260 assets
assets by status 1.11 MiB [emitted]
  assets by path types/ 28.1 KiB
    asset types/app.d.ts 22.4 KiB [emitted]
    asset types/Middleware/logger.service.d.ts 4.76 KiB [emitted]
    asset types/DataStructures/Security/TokenStorage.d.ts 1.01 KiB [emitted]
  assets by status 1.08 MiB [big]
    asset serviceWorker.bundle.js 560 KiB [emitted] [javascript module] [minimized] [big] (name: serviceWorker) 1 related asset
    asset main.bundle.js 549 KiB [emitted] [javascript module] [minimized] [big] (name: main) 1 related asset
orphan modules 816 KiB [orphan] 150 modules
runtime modules 2.26 KiB 10 modules
cacheable modules 1.71 MiB
  modules by path ./src/ 1.47 MiB 93 modules
  modules by path ./node_modules/ 237 KiB
    modules by path ./node_modules/postcss-selector-parser/dist/ 118 KiB 30 modules
    modules by path ./node_modules/postcss/lib/ 103 KiB
      ./node_modules/postcss/lib/postcss.js 2.83 KiB [built] [code generated]
      + 26 modules
    + 5 modules
  ./terminal-highlight (ignored) 15 bytes [built] [code generated]
  path (ignored) 15 bytes [built] [code generated]
  source-map-js (ignored) 15 bytes [built] [code generated]
  url (ignored) 15 bytes [built] [code generated]
  fs (ignored) 15 bytes [built] [code generated]

WARNING in asset size limit: The following asset(s) exceed the recommended size limit (244 KiB).
This can impact web performance.
Assets: 
  main.bundle.js (549 KiB)
  serviceWorker.bundle.js (560 KiB)

WARNING in entrypoint size limit: The following entrypoint(s) combined asset size exceeds the recommended limit (244 KiB). This can impact web performance.
Entrypoints:
  main (549 KiB)
      main.bundle.js
  serviceWorker (560 KiB)
      serviceWorker.bundle.js

WARNING in webpack performance recommendations: 
You can limit the size of your bundles by using import() or require.ensure to lazy load some parts of your application.
For more info visit https://webpack.js.org/guides/code-splitting/

webpack 5.101.2 compiled with 3 warnings in 15122 ms
