npm notice
npm notice package: mftsccs-browser@2.2.48-beta
npm notice Tarball Contents
npm notice 35.3kB README.md
npm notice 562.2kB dist/main.bundle.js
npm notice
npm notice package: mftsccs-browser@2.2.48-beta
npm notice Tarball Contents
npm notice 35.3kB README.md
npm notice 562.2kB dist/main.bundle.js
npm notice 49B dist/main.bundle.js.LICENSE.txt
npm notice 573.4kB dist/serviceWorker.bundle.js
npm notice 49B dist/serviceWorker.bundle.js.LICENSE.txt
npm notice 647.2kB dist/wico-metadata.bundle.js
npm notice 49B dist/wico-metadata.bundle.js.LICENSE.txt
npm notice 2.0kB package.json
npm notice 2.6kB scripts/postinstall.js
npm notice Tarball Details
npm notice name: mftsccs-browser
npm notice version: 2.2.48-beta
npm notice filename: mftsccs-browser-2.2.48-beta.tgz
npm notice package size: 499.6 kB
npm notice unpacked size: 2.2 MB
npm notice shasum: e3087c04dfb0af5723e3451c59953d5b305c7db8
npm notice integrity: sha512-yc0IWvj8F3lxI[...]YW2NQfhivr59A==
npm notice total files: 274
npm notice
mftsccs-browser-2.2.48-beta.tgz
